<A> -> (Case:=Acc;)
<Aa> -> (Case:=Acc;Animacy:=Anim;)
<Aaf> -> (Case:=Acc;Animacy:=Anim;Gender:=Fem;)
<Ai> -> (Case:=Acc;Animacy:=Inan;)
<Aif> -> (Case:=Acc;Animacy:=Inan;Gender:=Fem;)
<Aim> -> (Case:=Acc;Animacy:=Inan;Gender:=Masc;)
<Ain> -> (Case:=Acc;Animacy:=Inan;Gender:=Neut;)
<Am> -> (Case:=Acc;Gender:=Masc;)
<An> -> (Case:=Acc;Gender:=Neut;)
<Ap> -> (Case:=Acc;Number:=Plur;)
<Apa> -> (Case:=Acc;Number:=Plur;Animacy:=Anim;)
<Api> -> (Case:=Acc;Number:=Plur;Animacy:=Inan;)
<As> -> (Case:=Acc;Number:=Sing;)
<Asa> -> (Case:=Acc;Number:=Sing;Animacy:=Anim;)
<Asam> -> (Case:=Acc;Number:=Sing;Animacy:=Anim;Gender:=Masc;)
<Asaf> -> (Case:=Acc;Number:=Sing;Animacy:=Anim;Gender:=Fem;)
<Asf> -> (Case:=Acc;Gender:=Fem;Number:=Sing;)
<Asi> -> (Case:=Acc;Number:=Sing;Animacy:=Inan;)
<Asim> -> (Case:=Acc;Number:=Sing;Animacy:=Inan;Gender:=Masc;)
<Asm> -> (Case:=Acc;Number:=Sing;Gender:=Masc;)
<Asn> -> (Case:=Acc;Number:=Sing;Gender:=Neut;)
<Cmp> -> (Degree:=Cmp;)
<D> -> (Case:=Dat;)
<Df> -> (Case:=Dat;Gender:=Fem;)
<Dm> -> (Case:=Dat;Gender:=Masc;)
<Dn> -> (Case:=Dat;Gender:=Neut;)
<Dp> -> (Case:=Dat;Number:=Plur;)
<Ds> -> (Case:=Dat;Number:=Sing;)
<Dsf> -> (Case:=Dat;Number:=Sing;Gender:=Fem;)
<Dsm> -> (Case:=Dat;Number:=Sing;Gender:=Masc;)
<Dsn> -> (Case:=Dat;Number:=Sing;Gender:=Neut;)
<G> -> (Case:=Gen;)
<G2> -> (Case:=Par;Number:=Sing;)
<Gf> -> (Case:=Gen;Gender:=Fem;)
<Gm> -> (Case:=Gen;Gender:=Masc;)
<Gn> -> (Case:=Gen;Gender:=Neut;)
<Gp> -> (Case:=Gen;Number:=Plur;)
<Gs> -> (Case:=Gen;Number:=Sing;)
<Gsf> -> (Case:=Gen;Number:=Sing;Gender:=Fem;)
<Gsm> -> (Case:=Gen;Number:=Sing;Gender:=Masc;)
<Gsn> -> (Case:=Gen;Number:=Sing;Gender:=Neut;)
<I> -> (Case:=Ins;)
<Ip> -> (Case:=Ins;Number:=Plur;)
<Im> -> (Case:=Ins;Gender:=Masc;)
<If> -> (Case:=Ins;Gender:=Fem;)
<In> -> (Case:=Ins;Gender:=Neut;)
<Is> -> (Case:=Ins;Number:=Sing;)
<Isf> -> (Case:=Ins;Number:=Sing;Gender:=Fem;)
<Ism> -> (Case:=Ins;Number:=Sing;Gender:=Masc;)
<Isn> -> (Case:=Ins;Number:=Sing;Gender:=Neut;)
<L> -> (Case:=Loc;)
<L2> -> (Case:=Loc;additional_infl:=Loc2;Number:=Sing;)
<Lf> -> (Case:=Loc;Gender:=Fem;)
<Lm> -> (Case:=Loc;Gender:=Masc;)
<Ln> -> (Case:=Loc;Gender:=Neut;)
<Lp> -> (Case:=Loc;Number:=Plur;)
<Ls> -> (Case:=Loc;Number:=Sing;)
<Lsf> -> (Case:=Loc;Number:=Sing;Gender:=Fem;)
<Lsm> -> (Case:=Loc;Number:=Sing;Gender:=Masc;)
<Lsn> -> (Case:=Loc;Number:=Sing;Gender:=Neut;)
<N> -> (Case:=Nom;)
<Nf> -> (Case:=Nom;Gender:=Fem;)
<Nm> -> (Case:=Nom;Gender:=Masc;)
<Nn> -> (Case:=Nom;Gender:=Neut;)
<Np> -> (Case:=Nom;Number:=Plur;)
<Ns> -> (Case:=Nom;Number:=Sing;)
<Nsf> -> (Case:=Nom;Number:=Sing;Gender:=Fem;)
<(//)?Nsm> -> (Case:=Nom;Number:=Sing;Gender:=Masc;)
<Nsn> -> (Case:=Nom;Number:=Sing;Gender:=Neut;)
<Sf> -> (Variant:=Short;Gender:=Fem;Number:=Sing;)
<Sm> -> (Variant:=Short;Gender:=Masc;Number:=Sing;)
<Sn> -> (Variant:=Short;Gender:=Neut;Number:=Sing;)
<Sp> -> (Variant:=Short;Number:=Plur;)
<Ssf> -> (Variant:=Short;Gender:=Fem;Number:=Sing;)
<Ssm> -> (Variant:=Short;Gender:=Masc;Number:=Sing;)
<Ssn> -> (Variant:=Short;Gender:=Neut;Number:=Sing;)

<Indecl> -> ()

<act  *ger  *((p  f)|pr)> -> (VerbForm:=Conv;Tense:=Pres;Voice:=Act;)
<act  *ger  *pa(st)?> -> (VerbForm:=Conv;Tense:=Past;)

<act  *imp  *(2  *)?s> -> (VerbForm:=Fin;Mood:=Imp;Number:=Sing;Voice:=Act;)
<act  *imp  *(2  *)?p> -> (VerbForm:=Fin;Mood:=Imp;Number:=Plur;Voice:=Act;)
<act  *imp  *p  f  *2  *pl> -> (VerbForm:=Fin;Mood:=Imp;Number:=Plur;Voice:=Act;)
<act  *imp  *p  f  *2  *s> -> (VerbForm:=Fin;Mood:=Imp;Number:=Sing;Voice:=Act;)
<act  *imp  *past  *2  *s> -> (VerbForm:=Fin;Mood:=Imp;Number:=Sing;Voice:=Act;)

<act  *ind  *p  f  *1  *pl> -> (VerbForm:=Fin;Mood:=Ind;Tense:=Pres;Person:=1;Number:=Plur;Voice:=Act;)
<act  *ind  *p  f  *1  *s> -> (VerbForm:=Fin;Mood:=Ind;Tense:=Pres;Person:=1;Number:=Sing;Voice:=Act;)
<act  *ind  *p  f  *2  *pl> -> (VerbForm:=Fin;Mood:=Ind;Tense:=Pres;Person:=2;Number:=Plur;Voice:=Act;)
<act  *ind  *p  f  *2  *s> -> (VerbForm:=Fin;Mood:=Ind;Tense:=Pres;Person:=2;Number:=Sing;Voice:=Act;)
<act  *ind  *p  f  *3  *pl> -> (VerbForm:=Fin;Mood:=Ind;Tense:=Pres;Person:=3;Number:=Plur;Voice:=Act;)
<act  *ind  *p  f  *3  *s> -> (VerbForm:=Fin;Mood:=Ind;Tense:=Pres;Person:=3;Number:=Sing;Voice:=Act;)
<act  *pr  *ind  *p  *1> -> (VerbForm:=Fin;Mood:=Ind;Tense:=Pres;Person:=1;Number:=Plur;Voice:=Act;)
<act  *pr  *ind  *s  *1> -> (VerbForm:=Fin;Mood:=Ind;Tense:=Pres;Person:=1;Number:=Sing;Voice:=Act;)
<act  *pr  *ind  *p  *2> -> (VerbForm:=Fin;Mood:=Ind;Tense:=Pres;Person:=2;Number:=Plur;Voice:=Act;)
<act  *pr  *ind  *s  *2> -> (VerbForm:=Fin;Mood:=Ind;Tense:=Pres;Person:=2;Number:=Sing;Voice:=Act;)
<act  *pr  *ind  *p  *3> -> (VerbForm:=Fin;Mood:=Ind;Tense:=Pres;Person:=3;Number:=Plur;Voice:=Act;)
<act  *pr  *ind  *s  *3> -> (VerbForm:=Fin;Mood:=Ind;Tense:=Pres;Person:=3;Number:=Sing;Voice:=Act;)

//Following 6 lines are the bug fix
<act  *ind  *past  *1  *pl> -> (VerbForm:=Fin;Mood:=Ind;Tense:=Pres;Person:=1;Number:=Plur;Voice:=Act;)
<act  *ind  *past  *1  *s> -> (VerbForm:=Fin;Mood:=Ind;Tense:=Pres;Person:=1;Number:=Sing;Voice:=Act;)
<act  *ind  *past  *2  *pl> -> (VerbForm:=Fin;Mood:=Ind;Tense:=Pres;Person:=2;Number:=Plur;Voice:=Act;)
<act  *ind  *past  *2  *s> -> (VerbForm:=Fin;Mood:=Ind;Tense:=Pres;Person:=2;Number:=Sing;Voice:=Act;)
<act  *ind  *past  *3  *pl> -> (VerbForm:=Fin;Mood:=Ind;Tense:=Pres;Person:=3;Number:=Plur;Voice:=Act;)
<act  *ind  *past  *3  *s> -> (VerbForm:=Fin;Mood:=Ind;Tense:=Pres;Person:=3;Number:=Sing;Voice:=Act;)

<act  *ind  *past  *pl> -> (VerbForm:=Fin;Mood:=Ind;Tense:=Past;Number:=Plur;Voice:=Act;)
<act  *ind  *past  *f  *s> -> (VerbForm:=Fin;Mood:=Ind;Tense:=Past;Number:=Sing;Gender:=Fem;Voice:=Act;)
<act  *ind  *past  *m  *s> -> (VerbForm:=Fin;Mood:=Ind;Tense:=Past;Number:=Sing;Gender:=Masc;Voice:=Act;)
<act  *ind  *past  *n  *s> -> (VerbForm:=Fin;Mood:=Ind;Tense:=Past;Number:=Sing;Gender:=Neut;Voice:=Act;)
<act  *pa  *ind  *p> -> (VerbForm:=Fin;Mood:=Ind;Tense:=Past;Number:=Plur;Voice:=Act;)
<act  *pa  *ind  *s  *f> -> (VerbForm:=Fin;Mood:=Ind;Tense:=Past;Number:=Sing;Gender:=Fem;Voice:=Act;)
<act  *pa  *ind  *s  *m> -> (VerbForm:=Fin;Mood:=Ind;Tense:=Past;Number:=Sing;Gender:=Masc;Voice:=Act;)
<act  *pa  *ind  *s  *n> -> (VerbForm:=Fin;Mood:=Ind;Tense:=Past;Number:=Sing;Gender:=Neut;Voice:=Act;)


<act  *inf> -> (VerbForm:=Inf;)
<Inf> -> (VerbForm:=Inf;)

<act  *part  *p  f> -> (VerbForm:=Part;Tense:=Pres;Voice:=Act;)
<act  *part  *past> -> (VerbForm:=Part;Tense:=Past;Voice:=Act;)
<act  *part  *pa> -> (VerbForm:=Part;Tense:=Past;Voice:=Act;)
<act  *part  *pr> -> (VerbForm:=Part;Tense:=Pres;Voice:=Act;)


<pass  *imp  *(2  *)?s> -> (Voice:=Pass;VerbForm:=Fin;Mood:=Imp;Number:=Sing;)
<pass  *imp  *(2  *)?p> -> (Voice:=Pass;VerbForm:=Fin;Mood:=Imp;Number:=Plur;)
<pass  *imp  *p  f  *2  *pl> -> (Voice:=Pass;VerbForm:=Fin;Mood:=Imp;Number:=Plur;)

<pass  *ind  *p  f  *1  *pl> -> (Voice:=Pass;VerbForm:=Fin;Mood:=Ind;Tense:=Pres;Person:=1;Number:=Plur;)
<pass  *ind  *p  f  *1  *s> -> (Voice:=Pass;VerbForm:=Fin;Mood:=Ind;Tense:=Pres;Person:=1;Number:=Sing;)
<pass  *ind  *p  f  *2  *pl> -> (Voice:=Pass;VerbForm:=Fin;Mood:=Ind;Tense:=Pres;Person:=2;Number:=Plur;)
<pass  *ind  *p  f  *2  *s> -> (Voice:=Pass;VerbForm:=Fin;Mood:=Ind;Tense:=Pres;Person:=2;Number:=Sing;)
<pass  *ind  *p  f  *3  *pl> -> (Voice:=Pass;VerbForm:=Fin;Mood:=Ind;Tense:=Pres;Person:=3;Number:=Plur;)
<pass  *ind  *p  f  *3  *s> -> (Voice:=Pass;VerbForm:=Fin;Mood:=Ind;Tense:=Pres;Person:=3;Number:=Sing;)

<pass  *pr  *ind  *p  *1> -> (Voice:=Pass;VerbForm:=Fin;Mood:=Ind;Tense:=Pres;Person:=1;Number:=Plur;)
<pass  *pr  *ind  *s  *1> -> (Voice:=Pass;VerbForm:=Fin;Mood:=Ind;Tense:=Pres;Person:=1;Number:=Sing;)
<pass  *pr  *ind  *p  *2> -> (Voice:=Pass;VerbForm:=Fin;Mood:=Ind;Tense:=Pres;Person:=2;Number:=Plur;)
<pass  *pr  *ind  *s  *2> -> (Voice:=Pass;VerbForm:=Fin;Mood:=Ind;Tense:=Pres;Person:=2;Number:=Sing;)
<pass  *pr  *ind  *p  *3> -> (Voice:=Pass;VerbForm:=Fin;Mood:=Ind;Tense:=Pres;Person:=3;Number:=Plur;)
<pass  *pr  *ind  *s  *3> -> (Voice:=Pass;VerbForm:=Fin;Mood:=Ind;Tense:=Pres;Person:=3;Number:=Sing;)

<pass  *ind  *past  *pl> -> (Voice:=Pass;VerbForm:=Fin;Mood:=Ind;Tense:=Past;Number:=Plur;)
<pass  *ind  *past  *f  *s> -> (Voice:=Pass;VerbForm:=Fin;Mood:=Ind;Tense:=Past;Number:=Sing;Gender:=Fem;)
<pass  *ind  *past  *m  *s> -> (Voice:=Pass;VerbForm:=Fin;Mood:=Ind;Tense:=Past;Number:=Sing;Gender:=Masc;)
<pass  *ind  *past  *n  *s> -> (Voice:=Pass;VerbForm:=Fin;Mood:=Ind;Tense:=Past;Number:=Sing;Gender:=Neut;)

<pass  *pa  *ind  *p> -> (Voice:=Pass;VerbForm:=Fin;Mood:=Ind;Tense:=Past;Number:=Plur;)
<pass  *pa  *ind  *s  *f> -> (Voice:=Pass;VerbForm:=Fin;Mood:=Ind;Tense:=Past;Number:=Sing;Gender:=Fem;)
<pass  *pa  *ind  *s  *m> -> (Voice:=Pass;VerbForm:=Fin;Mood:=Ind;Tense:=Past;Number:=Sing;Gender:=Masc;)
<pass  *pa  *ind  *s  *n> -> (Voice:=Pass;VerbForm:=Fin;Mood:=Ind;Tense:=Past;Number:=Sing;Gender:=Neut;)

<pass  *inf> -> (Voice:=Pass;VerbForm:=Inf;)

//<pass  *part> -> (;)
<pass  *part  *p  f> -> (Voice:=Pass;VerbForm:=Part;Tense:=Pres;)
<pass  *part  *past> -> (Voice:=Pass;VerbForm:=Part;Tense:=Past;)
<pass  *part  *pa> -> (Voice:=Pass;VerbForm:=Part;Tense:=Past;)
<pass  *part  *pr> -> (Voice:=Pass;VerbForm:=Part;Tense:=Pres;)
